[2026-05-09 00:36:12.087] [info] Logger initialized, log file: ./logs/auth_server.log
[2026-05-09 00:36:12.088] [info] ========================================
[2026-05-09 00:36:12.088] [info]        Auth Server Starting...          
[2026-05-09 00:36:12.088] [info] ========================================
[2026-05-09 00:36:12.088] [info] Port: 8081
[2026-05-09 00:36:12.088] [info] Private Key: ./private.key
[2026-05-09 00:36:12.088] [info] Database: ./auth_db
[2026-05-09 00:36:12.088] [info] Token Expire: 86400 seconds
[2026-05-09 00:36:12.088] [info] ========================================
[2026-05-09 00:36:12.088] [error] Failed to initialize auth service
[2026-05-09 00:36:12.088] [info] Logger shutting down
[2026-05-09 00:37:51.470] [info] Logger initialized, log file: ./logs/auth_server.log
[2026-05-09 00:37:51.470] [info] ========================================
[2026-05-09 00:37:51.470] [info]        Auth Server Starting...          
[2026-05-09 00:37:51.470] [info] ========================================
[2026-05-09 00:37:51.470] [info] Port: 8081
[2026-05-09 00:37:51.470] [info] Private Key: ./private.key
[2026-05-09 00:37:51.470] [info] Database: ./auth_db
[2026-05-09 00:37:51.470] [info] Token Expire: 86400 seconds
[2026-05-09 00:37:51.470] [info] ========================================
[2026-05-09 00:37:51.471] [error] Failed to initialize auth service
[2026-05-09 00:37:51.471] [info] Logger shutting down
[2026-05-09 00:38:52.338] [info] Logger initialized, log file: ./logs/auth_server.log
[2026-05-09 00:38:52.339] [info] ========================================
[2026-05-09 00:38:52.339] [info]        Auth Server Starting...          
[2026-05-09 00:38:52.339] [info] ========================================
[2026-05-09 00:38:52.339] [info] Port: 8081
[2026-05-09 00:38:52.339] [info] Private Key: ./private.key
[2026-05-09 00:38:52.339] [info] Database: ./auth_db
[2026-05-09 00:38:52.339] [info] Token Expire: 86400 seconds
[2026-05-09 00:38:52.339] [info] ========================================
[2026-05-09 00:38:52.339] [info] Opening database at: ./auth_db
[2026-05-09 00:38:52.341] [error] LevelDB Open failed: IO error: ./auth_db: Invalid argument
[2026-05-09 00:38:52.341] [error] Failed to initialize auth service
[2026-05-09 00:38:52.341] [info] Logger shutting down
